Proof summary for theory infusion_pumps_th

	vtbi_over_rate_lemma............................................✨ untried             (0.385 s)
	vtbi_over_time_lemma............................................✨ untried             (0.35 s)
	vtbi_over_rate_lemma_TCC1.......................................✅ proved              (0.366 s)
	init_ip_panel_TCC1..............................................✅ proved              (1.191 s)
	fun_incr_TCC1...................................................✅ proved              (1.297 s)
	fun_incr_TCC2...................................................✅ proved              (1.469 s)
	fun_incr_TCC3...................................................✅ proved              (1.165 s)
	fun_incr_TCC4...................................................✅ proved              (1.256 s)
	fun_incr_TCC5...................................................✅ proved              (1.412 s)
	fun_decr_TCC1...................................................✅ proved              (1.387 s)
	fun_decr_TCC2...................................................✅ proved              (1.427 s)
	fun_decr_TCC3...................................................✅ proved              (1.321 s)
	fun_decr_TCC4...................................................✅ proved              (1.369 s)
	fun_decr_TCC5...................................................✅ proved              (1.571 s)
	fun_decr_TCC6...................................................✅ proved              (1.104 s)
	fun_decr_TCC7...................................................✅ proved              (1.492 s)
	fun_decr_TCC8...................................................✅ proved              (1.755 s)
	fun_decr_TCC9...................................................✅ proved              (1.254 s)
	fun_decr_TCC10..................................................✅ proved              (1.201 s)
	upd_pan_TCC1....................................................✅ proved              (1.91 s)
	upd_pan_TCC2....................................................✅ proved              (1.316 s)
	upd_pan_TCC3....................................................✅ proved              (1.171 s)
	upd_pan_TCC4....................................................✅ proved              (1.684 s)
	upd_pan_TCC5....................................................✅ proved              (1.36 s)
	upd_pan_TCC6....................................................✅ proved              (1.427 s)
	tick_TCC1.......................................................✅ proved              (1.127 s)
	tick_TCC2.......................................................✅ proved              (1.427 s)
	tick_TCC3.......................................................✅ proved              (1.153 s)
	tick_TCC4.......................................................✅ proved              (1.251 s)
	execute_ip_TCC1.................................................✅ proved              (2.283 s)

Theory infusion_pumps_th totals: 30 formulas, 30 attempted, 28 succeeded (38.881 s)