Proof summary for theory printer

	action_id2string_TCC1...........................................✅ proved              (2.081 s)
	action_id2string_TCC2...........................................✅ proved              (2.768 s)
	rel_op_type2string_TCC1.........................................✅ proved              (2.585 s)
	rel_op_type2string_TCC2.........................................✅ proved              (2.404 s)
	device_type2string_TCC1.........................................✅ proved              (2.365 s)
	device_type2string_TCC2.........................................✅ proved              (2.173 s)
	disp_focus_type2string_TCC1.....................................✅ proved              (2.469 s)
	disp_focus_type2string_TCC2.....................................✅ proved              (2.729 s)
	mode2string_TCC1................................................✅ proved              (2.64 s)
	mode2string_TCC2................................................✅ proved              (3.031 s)
	dispmode2string_TCC1............................................✅ proved              (3.638 s)
	dispmode2string_TCC2............................................✅ proved              (3.893 s)
	clamp_state2string_TCC1.........................................✅ proved              (2.06 s)
	clamp_state2string_TCC2.........................................✅ proved              (13.538 s)
	priority_type2string_TCC1.......................................✅ proved              (0.592 s)
	priority_type2string_TCC2.......................................✅ proved              (2.013 s)
	menu2string_TCC1................................................✅ proved              (8.131 s)
	menu2string_TCC2................................................✅ proved              (2.362 s)
	value_type2string_TCC1..........................................✅ proved              (12.548 s)
	value_type2string_TCC2..........................................✅ proved              (0.363 s)
	par2string_TCC1.................................................✅ proved              (3.043 s)
	par2string_TCC2.................................................✅ proved              (2.293 s)
	enum2string_TCC1................................................✅ proved              (7.319 s)
	enum2string_TCC2................................................✅ proved              (2.185 s)
	msghdr2string_TCC1..............................................✅ proved              (13.021 s)
	msghdr2string_TCC2..............................................✅ proved              (0.581 s)
	b_status2string_TCC1............................................✅ proved              (2.663 s)
	b_status2string_TCC2............................................✅ proved              (3.014 s)
	nw_error_type2string_TCC1.......................................✅ proved              (2.421 s)
	nw_error_type2string_TCC2.......................................✅ proved              (2.122 s)
	node_printer_bool_TCC1..........................................✅ proved              (2.13 s)
	node_printer_bool_TCC2..........................................✅ proved              (2.141 s)
	node_printer_bool_TCC3..........................................✅ proved              (2.151 s)
	node_printer_bool_TCC4..........................................✅ proved              (1.961 s)
	node_printer_bool_TCC5..........................................✅ proved              (1.997 s)
	node_printer_bool_TCC6..........................................✅ proved              (2.144 s)
	device_printer_bool_TCC1........................................✅ proved              (2.032 s)
	device_printer_bool_TCC2........................................✅ proved              (2.159 s)
	device_printer_bool_TCC3........................................✅ proved              (2.01 s)
	device_printer_bool_TCC4........................................✅ proved              (2.127 s)
	devs_printer_type_TCC1..........................................✅ proved              (2.042 s)
	devs_printer_type_TCC2..........................................✅ proved              (3.124 s)
	patient_printer_bool_TCC1.......................................✅ proved              (1.905 s)
	patient_printer_bool_TCC2.......................................✅ proved              (2.142 s)
	patient_printer_bool_TCC3.......................................✅ proved              (2.086 s)
	patient_printer_bool_TCC4.......................................✅ proved              (2.057 s)
	connected_printer_bool_TCC1.....................................✅ proved              (2.115 s)
	connected_printer_bool_TCC2.....................................✅ proved              (2.286 s)
	connected_printer_bool_TCC3.....................................✅ proved              (2.175 s)
	connected_printer_bool_TCC4.....................................✅ proved              (2.053 s)
	nodes_link_printer_TCC1.........................................✅ proved              (2.409 s)
	nodes_link_printer_TCC2.........................................✅ proved              (2.343 s)
	connected2string_TCC1...........................................✅ proved              (2.038 s)
	connected2string_TCC2...........................................✅ proved              (2.217 s)
	act_buff_printer_TCC1...........................................✅ proved              (2.092 s)
	act_buff_printer_TCC2...........................................✅ proved              (2.179 s)
	act_buff_printer_TCC3...........................................✅ proved              (3.179 s)
	act_buff_printer_TCC4...........................................✅ proved              (2.067 s)
	act_buff_printer_TCC5...........................................✅ proved              (1.976 s)
	act_buff_printer_TCC6...........................................✅ proved              (2.218 s)
	pan_buff_printer_TCC1...........................................✅ proved              (2.146 s)
	pan_buff_printer_TCC2...........................................✅ proved              (1.973 s)
	patient_pan_printer_TCC1........................................✅ proved              (2.056 s)
	patient_pan_printer_TCC2........................................✅ proved              (2.096 s)
	patient_mode_type2string_TCC1...................................✅ proved              (2.264 s)
	patient_mode_type2string_TCC2...................................✅ proved              (1.971 s)
	patient_edit_type2string_TCC1...................................✅ proved              (12.822 s)
	patient_edit_type2string_TCC2...................................✅ proved              (0.738 s)
	devices2string_TCC1.............................................✅ proved              (2.036 s)
	devices2string_TCC2.............................................✅ proved              (2.011 s)
	patients_type2string_TCC1.......................................✅ proved              (2.148 s)
	patients_type2string_TCC2.......................................✅ proved              (3.089 s)
	act_buff_type2string_TCC1.......................................✅ proved              (2.082 s)
	act_buff_type2string_TCC2.......................................✅ proved              (1.995 s)
	main_enum_par2string_TCC1.......................................✅ proved              (2.134 s)
	action_error_type2string_TCC1...................................✅ proved              (2.093 s)
	top_enum_params2string_TCC1.....................................✅ proved              (2.056 s)
	coord_db_printer_TCC1...........................................✅ proved              (2.136 s)
	coord_db_printer_TCC2...........................................✅ proved              (1.968 s)
	production_type_printer_TCC1....................................✅ proved              (2.161 s)
	production_type_printer_TCC2....................................✅ proved              (2.008 s)
	production_type_printer_TCC3....................................✅ proved              (2.219 s)
	production_type_printer_TCC4....................................✅ proved              (2.001 s)
	production_type2string_TCC1.....................................✅ proved              (2.291 s)
	patient_constraint_printer_TCC1.................................✅ proved              (2.279 s)
	patient_constraint_printer_TCC2.................................✅ proved              (2.363 s)
	patient_device_connect_type2string_TCC1.........................✅ proved              (2.014 s)

Theory printer totals: 87 formulas, 87 attempted, 87 succeeded (245.75 s)